// Jest Snapshot v1, https://goo.gl/fbAQLP

exports[`<NotFound /> default snapshot 1`] = `
<RNCSafeAreaView
  edges={
    Array [
      "bottom",
      "left",
      "right",
      "top",
    ]
  }
  style={
    Object {
      "alignItems": "center",
      "flex": 1,
      "justifyContent": "center",
    }
  }
>
  <Text
    style={
      Array [
        Object {
          "color": "white",
          "fontFamily": "fontFamily",
        },
        undefined,
      ]
    }
  >
    404 not found
  </Text>
  <View
    accessible={true}
    collapsable={false}
    focusable={true}
    onBlur={[Function]}
    onClick={[Function]}
    onFocus={[Function]}
    onResponderGrant={[Function]}
    onResponderMove={[Function]}
    onResponderRelease={[Function]}
    onResponderTerminate={[Function]}
    onResponderTerminationRequest={[Function]}
    onStartShouldSetResponder={[Function]}
    style={
      Array [
        Object {
          "backgroundColor": "white",
          "borderColor": "white",
          "borderRadius": 8,
          "borderWidth": 1,
          "color": "white",
          "fontFamily": "fontFamily",
          "padding": 16,
        },
        false,
      ]
    }
  >
    <Text>
      go to home
    </Text>
  </View>
</RNCSafeAreaView>
`;
