// Jest Snapshot v1, https://goo.gl/fbAQLP

exports[`<Maps /> default snapshot 1`] = `
<RNCSafeAreaView
  edges={
    Array [
      "bottom",
      "left",
      "right",
      "top",
    ]
  }
  style={
    Object {
      "alignItems": "center",
      "flex": 1,
      "justifyContent": "center",
    }
  }
>
  <AIRMap
    initialRegion={null}
    onChange={[Function]}
    onLayout={[Function]}
    onMapReady={[Function]}
    onMarkerPress={[Function]}
    region={null}
    style={
      Object {
        "height": NaN,
        "width": 750,
      }
    }
    testID="mapView"
  />
</RNCSafeAreaView>
`;
